error TS5023: Unknown compiler option '-Command'.
