[INFO] Logging output to: reports\qa_readiness_report_27-07-2026_20-05-45.26.log 
[PHASE 1/6] Verifying System Environment and Toolchains... 
[PHASE 2/6] Executing Static Code Analysis and Linting... 

> lint
> eslint .


D:\BMS-Final\saas-studio\src\app\studio\limsy\page.tsx
  174:5  error  Error: Calling setState synchronously within an effect can trigger cascading renders

Effects are intended to synchronize state between React and external systems such as manually updating the DOM, state management libraries, or other platform APIs. In general, the body of an effect should do one or both of the following:
* Update external systems with the latest state from React.
* Subscribe for updates from some external system, calling setState in a callback function when external state changes.

Calling setState synchronously within an effect body causes cascading renders that can hurt performance, and is not recommended. (https://react.dev/learn/you-might-not-need-an-effect).

D:\BMS-Final\saas-studio\src\app\studio\limsy\page.tsx:174:5
  172 |
  173 |   useEffect(() => {
> 174 |     loadData();
      |     ^^^^^^^^ Avoid calling setState() directly within an effect
  175 |   }, [loadData]);
  176 |
  177 |   // ── Case Filing ───────────────────────────────────────────────────────────────  react-hooks/set-state-in-effect

D:\BMS-Final\saas-studio\src\components\workspace\BoqDataGrid.tsx
  78:5  error  Error: Calling setState synchronously within an effect can trigger cascading renders

Effects are intended to synchronize state between React and external systems such as manually updating the DOM, state management libraries, or other platform APIs. In general, the body of an effect should do one or both of the following:
* Update external systems with the latest state from React.
* Subscribe for updates from some external system, calling setState in a callback function when external state changes.

Calling setState synchronously within an effect body causes cascading renders that can hurt performance, and is not recommended. (https://react.dev/learn/you-might-not-need-an-effect).

D:\BMS-Final\saas-studio\src\components\workspace\BoqDataGrid.tsx:78:5
  76 |
  77 |   useEffect(() => {
> 78 |     fetchBoqData();
     |     ^^^^^^^^^^^^ Avoid calling setState() directly within an effect
  79 |   }, [fetchBoqData]);
  80 |
  81 |   if (isLoading) {  react-hooks/set-state-in-effect

✖ 2 problems (2 errors, 0 warnings)

[FAILURE] Linting checks failed. Code quality threshold not met. 
